// Jest Snapshot v1, https://goo.gl/fbAQLP

exports[`SunTimes renders correctly 1`] = `
<div
  className="sc-dkPtRN iOczpI"
>
  <div
    className="sunrise"
    title="sunrise and sunset"
  >
    <div>
      <h3>
        LOADING
      </h3>
      <img
        alt="loading icon"
        src="loading.svg"
      />
    </div>
  </div>
  
</div>
`;
